EN debounce NULL "D:/work/special assig/ADSD/zmouese vhdl/debounce.vhd" sub00/vhpl00 1634982978
AR debounce logic "D:/work/special assig/ADSD/zmouese vhdl/debounce.vhd" sub00/vhpl01 1634982979
EN ps2_transceiver NULL "D:/work/special assig/ADSD/zmouese vhdl/ps2_transceiver.vhd" sub00/vhpl02 1634982980
AR ps2_transceiver logic "D:/work/special assig/ADSD/zmouese vhdl/ps2_transceiver.vhd" sub00/vhpl03 1634982981
EN ps2_mouse NULL "D:/work/special assig/ADSD/zmouese vhdl/ps2_mouse.vhd.vhd" sub00/vhpl04 1634982982
AR ps2_mouse logic "D:/work/special assig/ADSD/zmouese vhdl/ps2_mouse.vhd.vhd" sub00/vhpl05 1634982983
